// Jest Snapshot v1, https://goo.gl/fbAQLP

exports[`Button Component renders correctly 1`] = `
<View
  accessible={true}
  clickable={true}
  isTVSelectable={true}
  onClick={[Function]}
  onResponderGrant={[Function]}
  onResponderMove={[Function]}
  onResponderRelease={[Function]}
  onResponderTerminate={[Function]}
  onResponderTerminationRequest={[Function]}
  onStartShouldSetResponder={[Function]}
  style={
    Object {
      "marginTop": 10,
      "opacity": 1,
      "width": "100%",
    }
  }
>
  <Text
    style={
      Object {
        "backgroundColor": "#e84641",
        "borderRadius": 5,
        "color": "#ffffff",
        "fontSize": 30,
        "height": 50,
        "marginLeft": "5%",
        "marginRight": "5%",
        "textAlign": "center",
        "textAlignVertical": "center",
        "width": "90%",
      }
    }
  >
    Hello Button
  </Text>
</View>
`;
