// Jest Snapshot v1, https://goo.gl/fbAQLP

exports[`Death Counter Component renders correctly with multiple deaths 1`] = `
<View
  style={
    Object {
      "alignContent": "center",
      "flexDirection": "row",
      "justifyContent": "center",
      "marginTop": 30,
    }
  }
>
  <View
    accessible={true}
    clickable={true}
    isTVSelectable={true}
    onClick={[Function]}
    onResponderGrant={[Function]}
    onResponderMove={[Function]}
    onResponderRelease={[Function]}
    onResponderTerminate={[Function]}
    onResponderTerminationRequest={[Function]}
    onStartShouldSetResponder={[Function]}
    style={
      Object {
        "backgroundColor": "#e84641",
        "borderRadius": 25,
        "color": "#ffffff",
        "margin": 5,
        "opacity": 1,
        "padding": 10,
      }
    }
  >
    <Text
      style={
        Object {
          "borderRadius": 100,
          "color": "#ffffff",
          "fontSize": 30,
          "textAlign": "center",
          "textAlignVertical": "center",
        }
      }
    >
      10
    </Text>
  </View>
  <Text
    style={
      Object {
        "borderRadius": 100,
        "color": "#ffffff",
        "fontSize": 30,
        "textAlign": "center",
        "textAlignVertical": "center",
      }
    }
  >
    Deaths So Far
  </Text>
</View>
`;

exports[`Death Counter Component renders correctly with no deaths 1`] = `
<View
  style={
    Object {
      "alignContent": "center",
      "flexDirection": "row",
      "justifyContent": "center",
      "marginTop": 30,
    }
  }
>
  <View
    accessible={true}
    clickable={true}
    isTVSelectable={true}
    onClick={[Function]}
    onResponderGrant={[Function]}
    onResponderMove={[Function]}
    onResponderRelease={[Function]}
    onResponderTerminate={[Function]}
    onResponderTerminationRequest={[Function]}
    onStartShouldSetResponder={[Function]}
    style={
      Object {
        "backgroundColor": "#e84641",
        "borderRadius": 25,
        "color": "#ffffff",
        "margin": 5,
        "opacity": 1,
        "padding": 10,
      }
    }
  >
    <Text
      style={
        Object {
          "borderRadius": 100,
          "color": "#ffffff",
          "fontSize": 30,
          "textAlign": "center",
          "textAlignVertical": "center",
        }
      }
    >
      0
    </Text>
  </View>
  <Text
    style={
      Object {
        "borderRadius": 100,
        "color": "#ffffff",
        "fontSize": 30,
        "textAlign": "center",
        "textAlignVertical": "center",
      }
    }
  >
    Deaths So Far
  </Text>
</View>
`;
